// Jest Snapshot v1, https://goo.gl/fbAQLP

exports[`Mounted tests Test render renders Game with props 1`] = `
<Provider
  store={
    Object {
      "clearActions": [Function],
      "dispatch": [Function],
      "getActions": [Function],
      "getState": [Function],
      "replaceReducer": [Function],
      "subscribe": [Function],
    }
  }
>
  <Game
    gridCount={18}
    height={300}
    radius={300}
    width={300}
  >
    <ForwardRef
      height={768}
      width={1024}
    >
      <Stage
        forwardedRef={null}
        height={768}
        width={1024}
      >
        <div />
      </Stage>
    </ForwardRef>
  </Game>
</Provider>
`;
