// Jest Snapshot v1, https://goo.gl/fbAQLP

exports[`Mounted tests Test render renders piece with props 1`] = `
<Piece
  gridWidth={20}
  imgSrc="rose.svg"
  name="rose"
  position={
    Object {
      "x": 1,
      "y": 0,
    }
  }
  side="red"
  spaces={3}
>
  <Image
    draggable={true}
    height={30}
    offset={
      Object {
        "x": 15,
        "y": 15,
      }
    }
    onDragEnd={[Function]}
    onDragMove={[Function]}
    stroke="red"
    width={30}
    x={1}
    y={0}
  />
</Piece>
`;
